    Finished `test` profile [unoptimized + debuginfo] target(s) in 0.56s
     Running unittests src\lib.rs (target\debug\deps\vectorizer-a19df09769fff31e.exe)

running 753 tests
test api::advanced_api::tests::test_api_route_creation ... ok
test api::advanced_api::tests::test_api_config_default ... ok
test api::advanced_api::tests::test_api_response_creation ... ok
test api::advanced_api::tests::test_rate_limit_creation ... ok
test auth::jwt::tests::test_jwt_manager_creation ... ok
test api::advanced_api::tests::test_api_request_creation ... ok
test auth::roles::tests::test_access_context_with_collection ... ok
test auth::roles::tests::test_role_hierarchy ... ok
test auth::jwt::tests::test_jwt_manager_short_secret ... ok
test auth::jwt::tests::test_invalid_token ... ok
test auth::roles::tests::test_permission_descriptions ... ok
test auth::roles::tests::test_access_context ... ok
test auth::roles::tests::test_permission_checker ... ok
test auth::roles::tests::test_permission_resource_types ... ok
test auth::roles::tests::test_role_permissions ... ok
test auth::middleware::tests::test_auth_error_responses ... ok
test auth::api_keys::tests::test_api_key_manager_creation ... ok
test auth::api_keys::tests::test_api_key_manager_short_length ... ok
test auth::roles::tests::test_all_permissions ... ok
test auth::middleware::tests::test_auth_middleware_no_auth ... ok
test auth::api_keys::tests::test_invalid_api_key ... ok
test auth::middleware::tests::test_auth_middleware_invalid_token ... ok
test auth::api_keys::tests::test_api_key_creation ... ok
test auth::api_keys::tests::test_api_key_validation ... ok
test auth::api_keys::tests::test_api_key_revocation ... ok
test auth::middleware::tests::test_auth_middleware_api_key ... ok
test auth::api_keys::tests::test_list_keys_for_user ... ok
test auth::api_keys::tests::test_cleanup_expired_keys ... ok
test auth::tests::test_api_key_creation_and_validation ... ok
test auth::tests::test_auth_manager_creation ... ok
test batch::config::tests::test_batch_size_validation ... ok
test batch::config::tests::test_chunk_size_calculation ... ok
test auth::tests::test_rate_limiting ... ok
test auth::jwt::tests::test_token_generation_and_validation ... ok
test auth::tests::test_jwt_generation_and_validation ... ok
test batch::config::tests::test_config_validation ... ok
test auth::middleware::tests::test_auth_middleware_jwt ... ok
test auth::jwt::tests::test_token_refresh ... ok
test batch::config::tests::test_default_config ... ok
test batch::config::tests::test_development_config ... ok
test batch::config::tests::test_memory_estimation ... ok
test batch::config::tests::test_production_config ... ok
test batch::config::tests::test_testing_config ... ok
test batch::error::tests::test_batch_error_creation ... ok
test batch::error::tests::test_batch_error_retryable ... ok
test batch::error::tests::test_batch_error_type_display ... ok
test batch::error::tests::test_batch_result_operations ... ok
test batch::error::tests::test_batch_result_status ... ok
test batch::error::tests::test_batch_status_display ... ok
test batch::error::tests::test_batch_statistics ... ok
test batch::error::tests::test_helper_functions ... ok
test batch::operations::tests::test_batch_delete_operation_creation ... ok
test batch::operations::tests::test_batch_insert_operation_creation ... ok
test batch::operations::tests::test_batch_search_operation_creation ... ok
test batch::parallel::tests::test_parallel_processing_concurrency ... ignored, Flaky test: Timing-dependent test that can fail on slower systems
test batch::operations::tests::test_batch_update_operation_creation ... ok
test batch::parallel::tests::test_batch_item_trait ... ok
test batch::parallel::tests::test_parallel_processor_creation ... ok
test batch::parallel::tests::test_process_chunks_empty_input ... ok
test batch::parallel::tests::test_process_items_empty_input ... ok
test batch::processor::tests::test_batch_config_validation ... ok
test batch::parallel::tests::test_process_chunks_single_chunk ... ok
test batch::parallel::tests::test_process_chunks_multiple_chunks ... ok
test batch::parallel::tests::test_process_items_with_errors ... ok
test batch::parallel::tests::test_process_items_success ... ok
test batch::parallel::tests::test_process_chunks_with_errors ... ok
test batch::parallel::tests::test_process_items_partial_errors ... ok
test batch::tests::test_batch_config_default ... ok
test batch::tests::test_batch_status_equality ... ok
test batch::tests::test_search_query_creation ... ok
test batch::tests::test_vector_update_creation ... ok
test batch::validation::tests::test_validate_batch_size ... ok
test batch::validation::tests::test_quick_validation_functions ... ok
test batch::validation::tests::test_validate_collection_name ... ok
test batch::validation::tests::test_validate_search_query ... ok
test batch::validation::tests::test_validate_unique_ids ... ok
test batch::processor::tests::test_batch_processor_creation ... ok
test batch::validation::tests::test_validate_vector_data ... ok
test batch::processor::tests::test_batch_operation_timeout ... ok
test batch::processor::tests::test_batch_delete_invalid_size ... ok
test batch::processor::tests::test_batch_insert_invalid_size ... ok
test batch::processor::tests::test_batch_search_invalid_size ... ok
test batch::processor::tests::test_register_and_unregister_operation ... ok
test batch::processor::tests::test_batch_update_invalid_size ... ok
test cache::query_cache::tests::test_cache_eviction ... ok
test cache::query_cache::tests::test_cache_clear ... ok
test cache::query_cache::tests::test_cache_invalidation ... ok
test cache::query_cache::tests::test_cache_insert_and_get ... ok
test cache::query_cache::tests::test_cache_miss ... ok
test cache::query_cache::tests::test_hit_rate_calculation ... ok
test cache::query_cache::tests::test_query_cache_creation ... ok
test cache::query_cache::tests::test_query_key_hash ... ok
test cli::config::tests::test_config_conversion ... ok
test cli::config::tests::test_config_file_default ... ok
test cli::config::tests::test_config_validation ... ok
test cli::tests::test_cli_config_default ... ok
test cli::utils::tests::test_check_system_requirements ... ok
test cli::utils::tests::test_format_bytes ... ok
test cli::utils::tests::test_format_duration ... ok
test cli::utils::tests::test_check_file_writable_new_file ... ok
test cli::utils::tests::test_generate_secure_string ... ok
test cli::utils::tests::test_generate_secure_string_different_lengths ... ok
test cli::utils::tests::test_generate_secure_string_uniqueness ... ok
test cli::utils::tests::test_get_system_info ... ok
test cli::utils::tests::test_get_current_dir ... ok
test cli::utils::tests::test_is_elevated ... ok
test cli::utils::tests::test_ensure_directory ... ok
test cli::utils::tests::test_progress_bar ... ok
test cli::utils::tests::test_progress_bar_updates ... ok
test cli::utils::tests::test_ensure_directory_invalid_path ... ok
test cli::utils::tests::test_validate_host ... ok
test cli::utils::tests::test_validate_port ... ok
test cli::utils::tests::test_validate_port_edge_cases ... ok
test config::vectorizer::config_tests::test_transmutation_config_boundaries ... ok
test config::vectorizer::config_tests::test_transmutation_config_custom ... ok
test batch::processor::tests::test_batch_insert_memory_limit ... ok
test config::vectorizer::config_tests::test_transmutation_config_default ... ok
test cli::tests::test_cli_parsing ... ok
test config::vectorizer::config_tests::test_transmutation_config_deserialization ... ok
test cli::utils::tests::test_set_current_dir ... ok
test config::vectorizer::config_tests::test_transmutation_config_in_vectorizer_config ... ok
test config::vectorizer::config_tests::test_transmutation_config_serialization ... ok
test config::vectorizer::config_tests::test_transmutation_config_yaml_format ... ok
test db::async_indexing::tests::test_search_quality_during_rebuild ... ignored, Secondary index quality verification not available in all configurations
test db::auto_save::tests::test_cleanup_old_snapshots_method_exists ... ok
test db::auto_save::tests::test_auto_save_manager_creation ... ok
test db::auto_save::tests::test_mark_changed ... ok
test db::collection::tests::test_collection_update_nonexistent ... ok
test cache::query_cache::tests::test_cache_ttl_expiration ... ok
test db::collection::tests::test_collection_delete_nonexistent ... ok
test db::collection::tests::test_collection_get_vector ... ok
test db::collection::tests::test_collection_memory_usage ... ok
test db::async_indexing::tests::test_search_quality_without_secondary_index ... ok
test cli::utils::tests::test_check_file_readable ... ok
test db::collection::tests::test_collection_embedding_type ... ok
test db::collection::tests::test_collection_creation ... ok
test db::collection::tests::test_collection_metadata ... ok
test db::collection_normalization::tests::test_helper_no_normalization ... ok
test db::gpu_detection::tests::test_backend_detection ... ok
test db::collection::tests::test_collection_get_all_vectors ... ok
test db::collection::tests::test_collection_get_nonexistent ... ok
test db::collection::tests::test_collection_dimension_validation ... ok
test db::collection::tests::test_collection_insert_batch ... ok
test db::gpu_detection::tests::test_backend_type_icon ... ok
test db::collection::tests::test_collection_insert_single ... ok
test db::collection::tests::test_collection_delete ... ok
test db::async_indexing::tests::test_async_index_manager_creation ... ok
test db::collection::tests::test_collection_update ... ok
test db::collection::tests::test_collection_search_empty ... ok
test db::gpu_detection::tests::test_backend_type_name ... ok
test db::gpu_detection::tests::test_gpu_info_display ... ok
test db::collection::tests::test_collection_get_all_vectors_ids ... ok
test db::gpu_detection::tests::test_gpu_info_no_vram ... ok
test db::collection::tests::test_collection_metadata_updates ... ok
test db::gpu_detection::tests::test_metal_availability ... ok
test db::hybrid_search::tests::test_alpha_blending ... ok
test db::hive_gpu_collection::tests::test_dimension_validation ... ok
test db::hive_gpu_collection::tests::test_hive_gpu_collection_creation ... ok
test db::hybrid_search::tests::test_empty_results ... ok
test db::hybrid_search::tests::test_pure_dense ... ok
test db::hybrid_search::tests::test_pure_sparse ... ok
test db::hybrid_search::tests::test_reciprocal_rank_fusion ... ok
test db::hybrid_search::tests::test_weighted_combination ... ok
test db::multi_tenancy::tests::test_collection_association ... ok
test db::multi_tenancy::tests::test_tenant_access_control ... ok
test db::multi_tenancy::tests::test_tenant_creation ... ok
test db::collection::tests::test_delete_vector ... ok
test db::multi_tenancy::tests::test_tenant_quota_checking ... ok
test db::collection::tests::test_collection_with_quantization_sq ... ok
test db::collection::tests::test_dimension_validation ... ok
test db::payload_index::tests::test_float_index ... ok
test db::payload_index::tests::test_integer_index ... ok
test db::payload_index::tests::test_geo_index ... ok
test db::collection::tests::test_vector_count_with_quantization ... ok
test db::collection::tests::test_insert_and_get_vector ... ok
test db::payload_index::tests::test_keyword_index ... ok
test db::payload_index::tests::test_index_stats ... ok
test db::collection::tests::test_update_vector ... ok
test db::payload_index::tests::test_text_index ... ok
test db::payload_index::tests::test_nested_field_indexing ... ok
test db::collection::tests::test_collection_concurrent_inserts ... ok
test db::raft::tests::test_state_machine_apply ... ok
test db::sharding::tests::test_consistent_hash_ring_creation ... ok
test db::raft::tests::test_raft_node_creation ... ok
test db::collection::tests::test_collection_search ... ok
test db::sharding::tests::test_rebalancer_needs_rebalancing ... ok
test db::sharding::tests::test_shard_addition ... ok
test db::sharding::tests::test_shard_removal ... ok
test db::sharding::tests::test_shard_router ... ok
test db::sharding::tests::test_vector_routing ... ok
test db::collection::tests::test_collection_different_metrics ... ok
test db::collection::tests::test_vector_count_consistency_quantized_vs_normal ... ok
test discovery::broad::tests::test_apply_mmr ... ok
test discovery::broad::tests::test_content_similarity ... ok
test discovery::compress::tests::test_categorize_sentence ... ok
test discovery::compress::tests::test_compress_evidence ... ok
test discovery::compress::tests::test_extract_sentences ... ok
test discovery::expand::tests::test_expand_queries ... ok
test discovery::expand::tests::test_extract_main_term ... ok
test db::wal_integration::tests::test_wal_integration_disabled ... ok
test discovery::expand::tests::test_max_expansions ... ok
test discovery::filter::tests::test_extract_terms ... ok
test discovery::broad::tests::test_deduplicate_chunks ... ok
test db::optimized_hnsw::tests::test_memory_stats ... ok
test discovery::filter::tests::test_matches_pattern ... ok
test discovery::focus::tests::test_sentence_quality_score ... ok
test discovery::focus::tests::test_term_frequency_score ... ok
test discovery::hybrid::tests::test_reciprocal_rank_fusion ... ok
test discovery::hybrid::tests::test_rrf_pure_dense ... ok
test discovery::filter::tests::test_filter_collections ... ok
test discovery::pipeline::tests::test_collection_ref_creation ... ok
test discovery::pipeline::tests::test_discovery_config_default ... ok
test db::wal_integration::tests::test_wal_integration_with_payload ... ok
test discovery::hybrid::tests::test_rrf_pure_sparse ... ok
test db::wal_integration::tests::test_wal_integration_enabled ... ok
test discovery::plan::tests::test_build_answer_plan ... ok
test discovery::plan::tests::test_section_title ... ok
test discovery::readme::tests::test_is_readme ... ok
test discovery::pipeline::tests::test_discovery_metrics ... ok
test discovery::readme::tests::test_promote_readme ... ok
test discovery::render::tests::test_render_llm_prompt ... ok
test discovery::score::tests::test_name_match_score ... ok
test discovery::score::tests::test_score_collections ... ok
test discovery::tests::unit_tests::test_filter_score_expand ... ok
test embedding::tests::test_bag_of_words ... ok
test embedding::tests::test_char_ngram ... ok
test embedding::tests::test_embedding_manager ... ok
test evaluation::tests::test_evaluate_query_results_all_relevant ... ok
test evaluation::tests::test_evaluate_query_results_empty ... ok
test evaluation::tests::test_evaluate_search_quality_empty ... ok
test discovery::pipeline::tests::test_discovery_creation ... ok
test evaluation::tests::test_evaluation_metrics_structure ... ok
test embedding::tests::test_tfidf_embedding ... ok
test evaluation::tests::test_mean_reciprocal_rank ... ok
test evaluation::tests::test_mean_reciprocal_rank_empty ... ok
test evaluation::tests::test_mean_reciprocal_rank_single ... ok
test evaluation::tests::test_precision_at_k ... ok
test discovery::render::tests::test_truncate_long_prompt ... ok
test evaluation::tests::test_precision_at_k_k_zero ... ok
test evaluation::tests::test_precision_at_k_no_relevant ... ok
test cli::config::tests::test_config_file_operations ... ok
test evaluation::tests::test_query_metrics_structure ... ok
test evaluation::tests::test_query_result_creation ... ok
test db::vector_store::tests::test_duplicate_collection_error ... ok
test evaluation::tests::test_recall_at_k ... ok
test evaluation::tests::test_recall_at_k_all_found ... ok
test evaluation::tests::test_recall_at_k_k_zero ... ok
test db::vector_store::tests::test_concurrent_operations ... ok
test db::vector_store::tests::test_collection_metadata ... ok
test file_loader::chunker::tests::test_chunk_boundary_handling ... ok
test db::vector_store::tests::test_delete_collection ... ok
test file_loader::chunker::tests::test_chunk_documents_empty ... ok
test file_loader::chunker::tests::test_chunk_documents_multiple ... ok
test file_loader::chunker::tests::test_chunk_empty_text ... ok
test file_loader::chunker::tests::test_chunk_id_format ... ok
test file_loader::chunker::tests::test_chunk_long_text_with_overlap ... ok
test db::vector_store::tests::test_stats_functionality ... ok
test file_loader::chunker::tests::test_chunk_metadata ... ok
test file_loader::chunker::tests::test_chunk_short_text ... ok
test file_loader::chunker::tests::test_chunk_utf8_characters ... ok
test file_loader::chunker::tests::test_chunk_whitespace_only ... ok
test file_loader::chunker::tests::test_chunker_creation ... ok
test file_loader::config::tests::test_document_chunk_creation ... ok
test file_loader::config::tests::test_document_chunk_with_metadata ... ok
test file_loader::config::tests::test_loader_config_custom ... ok
test file_loader::config::tests::test_loader_config_default ... ok
test file_loader::config::tests::test_get_hardcoded_excludes ... ok
test file_loader::config::tests::test_ensure_hardcoded_excludes ... ok
test db::vector_store::tests::test_create_and_list_collections ... ok
test file_operations::cache::tests::test_file_content_cache ... ok
test file_operations::mcp_integration::tests::test_get_file_content_handler ... ok
test file_operations::cache::tests::test_cache_creation ... ok
test file_operations::cache::tests::test_clear_collection ... ok
test file_operations::mcp_integration::tests::test_list_files_handler ... ok
test file_operations::mcp_integration::tests::test_mcp_handler_creation ... ok
test file_operations::operations::tests::test_detect_file_type ... ok
test file_operations::operations::tests::test_detect_language ... ok
test file_operations::operations::tests::test_extractive_summary ... ok
test file_operations::operations::tests::test_validate_file_path ... ok
test file_operations::operations::tests::test_validate_size_limit ... ok
test file_operations::operations::tests::test_structural_summary ... ok
test file_watcher::config::tests::test_default_config ... ok
test file_watcher::config::tests::test_duration_conversion ... ok
test file_operations::tests::integration_tests::test_error_handling ... ok
test file_watcher::config::tests::test_config_validation ... ok
test file_watcher::config::tests::test_file_watcher_custom_patterns ... ok
test file_operations::tests::integration_tests::test_cache_behavior ... ok
test file_watcher::config::tests::test_file_pattern_matching ... ok
test file_watcher::config::tests::test_file_watcher_debounce_delay ... ok
test file_watcher::config::tests::test_file_watcher_exclude_binary_files ... ok
test file_watcher::config::tests::test_file_watcher_exclude_build_artifacts ... ok
test file_watcher::config::tests::test_file_watcher_exclude_data_directory ... ok
test file_watcher::config::tests::test_file_watcher_max_file_size ... ok
test db::sharded_collection::tests::test_sharded_collection_creation ... ok
test file_watcher::config::tests::test_file_watcher_silent_check ... ok
test file_watcher::config::tests::test_file_watcher_without_transmutation ... ok
test db::collection::tests::test_collection_search_with_limit ... ok
test db::sharded_collection::tests::test_shard_routing ... ok
test file_watcher::debouncer::tests::test_debouncer_creation ... ok
test file_watcher::debouncer::tests::test_debouncer_clear_pending ... ok
test file_watcher::file_index::tests::test_file_index_operations ... ok
test file_watcher::file_index::tests::test_file_removal ... ok
test file_watcher::file_index::tests::test_json_serialization ... ok
test db::sharded_collection::tests::test_sharded_insert_and_search ... ok
test file_watcher::discovery::tests::test_directory_exclusion ... ok
test file_watcher::hash_validator::tests::test_hash_validator_creation ... ok
test file_watcher::test_integration::test_file_watcher_config_validation ... ok
test file_watcher::tests::tests::test_comprehensive_pattern_matching ... ok
test file_watcher::test_integration::test_file_watcher_system_creation ... ok
test file_watcher::test_operations::test_should_process_file ... ok
test file_watcher::tests::tests::test_file_index_json_serialization ... ok
test file_watcher::tests::tests::test_file_index_operations ... ok
test gpu_adapter::tests::test_distance_metric_conversion ... ok
test gpu_adapter::tests::test_hnsw_config_conversion ... ok
test file_watcher::tests::tests::test_workspace_config ... ok
test gpu_adapter::tests::test_vector_conversion ... ok
test gpu_adapter::tests::test_vector_with_payload ... ok
test hybrid_search::tests::test_cosine_similarity ... ok
test hybrid_search::tests::test_hybrid_retriever_creation ... ok
test intelligent_search::context_formatter::tests::test_context_formatter_creation ... ok
test intelligent_search::context_formatter::tests::test_default_implementation ... ok
test intelligent_search::context_formatter::tests::test_extract_relevant_lines ... ok
test intelligent_search::context_formatter::tests::test_format_context_empty ... ok
test file_watcher::discovery::tests::test_file_discovery_basic ... ok
test intelligent_search::context_formatter::tests::test_format_enhanced_context ... ok
test intelligent_search::context_formatter::tests::test_format_metadata ... ok
test file_watcher::hash_validator::tests::test_hash_validator_disabled ... ok
test intelligent_search::context_formatter::tests::test_format_single_result ... ok
test intelligent_search::context_formatter::tests::test_truncate_content ... ok
test intelligent_search::examples::tests::test_rest_endpoints ... ok
test intelligent_search::examples::tests::test_tool_schemas ... ok
test intelligent_search::mcp_server_integration::tests::test_create_tool_schema ... ok
test file_watcher::test_integration::test_file_watcher_with_temp_directory ... ok
test intelligent_search::mmr_diversifier::tests::test_calculate_content_similarity ... ok
test intelligent_search::mmr_diversifier::tests::test_calculate_max_similarity ... ok
test intelligent_search::mmr_diversifier::tests::test_default_mmr_diversifier ... ok
test intelligent_search::mmr_diversifier::tests::test_diversify_empty_results ... ok
test intelligent_search::mmr_diversifier::tests::test_diversify_multiple_results ... ok
test intelligent_search::mmr_diversifier::tests::test_diversify_single_result ... ok
test intelligent_search::mmr_diversifier::tests::test_diversify_zero_max_results ... ok
test intelligent_search::mmr_diversifier::tests::test_lambda_effect_on_diversification ... ok
test intelligent_search::mcp_server_integration::tests::test_get_available_tools ... ok
test intelligent_search::mcp_server_integration::tests::test_get_rest_endpoints ... ok
test intelligent_search::mmr_diversifier::tests::test_mmr_diversifier_creation ... ok
test intelligent_search::mcp_server_integration::tests::test_mcp_server_integration_creation ... ok
test intelligent_search::query_generator::tests::test_expand_domain_terms ... ok
test intelligent_search::mmr_diversifier::tests::test_set_lambda ... ok
test intelligent_search::query_generator::tests::test_extract_technical_terms ... ok
test intelligent_search::query_generator::tests::test_generate_queries_basic ... ok
test intelligent_search::query_generator::tests::test_generate_technical_queries ... ok
test intelligent_search::query_generator::tests::test_is_technical_term ... ok
test intelligent_search::query_generator::tests::test_max_queries_limit ... ok
test intelligent_search::query_generator::tests::test_query_deduplication ... ok
test intelligent_search::query_generator::tests::test_query_generator_creation ... ok
test intelligent_search::rest_api::tests::test_api_documentation ... ok
test intelligent_search::rest_api::tests::test_intelligent_search_request_serialization ... ok
test intelligent_search::simple_search_engine::tests::test_add_documents ... ok
test intelligent_search::simple_search_engine::tests::test_calculate_collection_relevance ... ok
test intelligent_search::rest_api::tests::test_validate_intelligent_search_request ... ok
test intelligent_search::rest_api::tests::test_rest_api_handler_creation ... ok
test intelligent_search::rest_api::tests::test_validate_multi_collection_search_request ... ok
test intelligent_search::simple_search_engine::tests::test_calculate_score ... ok
test intelligent_search::simple_search_engine::tests::test_calculate_term_frequency ... ok
test intelligent_search::simple_search_engine::tests::test_default_implementation ... ok
test intelligent_search::simple_search_engine::tests::test_get_documents_by_collection ... ok
test intelligent_search::simple_search_engine::tests::test_simple_search_engine_creation ... ok
test intelligent_search::tests::test_default_config ... ok
test intelligent_search::tests::test_document_creation ... ok
test intelligent_search::tests::test_intelligent_search_engine_creation ... ok
test intelligent_search::simple_search_engine::tests::test_search ... ok
test integration_tests::test_collection_management ... ok
test migration::qdrant::config_parser::tests::test_parse_json_config ... ok
test migration::qdrant::config_parser::tests::test_convert_to_vectorizer ... ok
test migration::qdrant::config_parser::tests::test_parse_yaml_config ... ok
test models::qdrant::filter_processor::tests::test_combined_filters ... ok
test migration::qdrant::config_parser::tests::test_validate_config ... ok
test models::qdrant::filter_processor::tests::test_geo_bounding_box ... ok
test models::qdrant::filter_processor::tests::test_geo_radius ... ok
test models::qdrant::filter_processor::tests::test_match_integer ... ok
test models::qdrant::filter_processor::tests::test_match_string ... ok
test logging::tests::test_cleanup_old_logs ... ok
test models::qdrant::filter_processor::tests::test_nested_keys ... ok
test models::qdrant::filter_processor::tests::test_range_filter ... ok
test models::qdrant::filter_processor::tests::test_values_count ... ok
test models::qdrant::point::tests::test_qdrant_point_id_types ... ok
test db::collection_normalization::tests::test_payload_enrichment ... ok
test models::qdrant::point::tests::test_qdrant_point_struct_with_dense_vector ... ok
test models::qdrant::point::tests::test_qdrant_point_struct_with_named_vector ... ok
test db::collection_normalization::tests::test_query_processing ... ok
test logging::tests::test_get_log_file_path ... ok
test models::qdrant::point::tests::test_qdrant_value_types ... ok
test models::qdrant::point::tests::test_qdrant_upsert_request_with_named_vectors ... ok
test models::qdrant::point::tests::test_qdrant_vector_dense_serialization ... ok
test models::qdrant::point::tests::test_qdrant_vector_named_serialization ... ok
test models::qdrant::point::tests::test_qdrant_vector_named_single_deserialization ... ok
test models::qdrant::search::tests::test_batch_query_request ... ok
test models::qdrant::search::tests::test_distance_pair ... ok
test models::qdrant::search::tests::test_fusion_query ... ok
test models::qdrant::search::tests::test_matrix_pairs_request ... ok
test models::qdrant::search::tests::test_query_groups_request ... ok
test models::qdrant::search::tests::test_query_request_with_prefetch ... ok
test models::qdrant::search::tests::test_recommend_strategy ... ok
test models::qdrant::search::tests::test_query_request_with_vector ... ok
test models::qdrant::search::tests::test_scored_point_serialization ... ok
test models::qdrant::search::tests::test_search_groups_request ... ok
test models::qdrant::search::tests::test_search_params ... ok
test models::qdrant::search::tests::test_search_request_serialization ... ok
test models::qdrant::search::tests::test_with_payload_variants ... ok
test models::sparse_vector::tests::test_sparse_vector_cosine_similarity ... ok
test models::sparse_vector::tests::test_sparse_vector_creation ... ok
test models::sparse_vector::tests::test_sparse_vector_dot_product ... ok
test models::sparse_vector::tests::test_sparse_vector_from_dense ... ok
test models::sparse_vector::tests::test_sparse_vector_index ... ok
test models::sparse_vector::tests::test_sparse_vector_to_dense ... ok
test models::sparse_vector::tests::test_sparse_vector_validation ... ok
test models::vector_utils_simd::tests::test_avx2_detection ... ok
test models::vector_utils_simd::tests::test_cosine_similarity_simd ... ok
test models::vector_utils_simd::tests::test_dot_product_simd ... ok
test models::vector_utils_simd::tests::test_euclidean_distance_simd ... ok
test models::vector_utils_simd::tests::test_large_vectors ... ok
test models::vector_utils_simd::tests::test_non_aligned_vectors ... ok
test monitoring::correlation::tests::test_generate_correlation_id ... ok
test monitoring::correlation::tests::test_correlation_id_propagation ... ok
test monitoring::correlation::tests::test_existing_correlation_id ... ok
test monitoring::correlation::tests::test_correlation_middleware ... ok
test monitoring::metrics::tests::test_gauge_operations ... ok
test monitoring::metrics::tests::test_counter_operations ... ok
test monitoring::metrics::tests::test_histogram_buckets ... ok
test monitoring::metrics::tests::test_metrics_creation ... ok
test monitoring::registry::tests::test_registry_init_idempotent ... ok
test monitoring::metrics::tests::test_metrics_registration ... ok
test monitoring::registry::tests::test_metrics_export ... ok
test monitoring::registry::tests::test_registry_access ... ok
test monitoring::telemetry::tests::test_shutdown ... ok
test monitoring::telemetry::tests::test_try_init ... ok
test monitoring::telemetry::tests::test_try_init_with_endpoint ... ok
test monitoring::system_collector::tests::test_collector_creation ... ok
test monitoring::system_collector::tests::test_custom_config ... ok
test monitoring::tests::test_init ... ok
test monitoring::system_collector::tests::test_memory_metrics ... ok
test monitoring::tests::test_export_metrics ... ok
test normalization::cache::hot_cache::tests::test_lfu_basic ... ok
test normalization::cache::hot_cache::tests::test_lfu_clear ... ok
test normalization::cache::hot_cache::tests::test_lfu_frequency_tracking ... ok
test normalization::cache::hot_cache::tests::test_lfu_remove ... ok
test normalization::cache::hot_cache::tests::test_lfu_stats ... ok
test normalization::cache::hot_cache::tests::test_lfu_update ... ok
test normalization::cache::metrics::tests::test_hit_rate ... ok
test normalization::cache::metrics::tests::test_latency_tracking ... ok
test normalization::cache::blob_store::tests::test_blob_store_miss ... ok
test normalization::cache::metrics::tests::test_metrics_basic ... ok
test normalization::cache::metrics::tests::test_metrics_disabled ... ok
test normalization::cache::metrics::tests::test_reset ... ok
test integration_tests::test_concurrent_workload_simulation ... ok
test discovery::pipeline::tests::test_discovery_with_empty_store ... ok
test normalization::config::tests::test_aggressive_config ... ok
test normalization::config::tests::test_builder_pattern ... ok
test normalization::config::tests::test_conservative_config ... ok
test normalization::config::tests::test_moderate_config ... ok
test normalization::detector::tests::test_detect_by_extension ... ok
test db::optimized_hnsw::tests::test_batch_insertion ... ok
test normalization::detector::tests::test_detect_code_heuristics ... ok
test monitoring::system_collector::tests::test_collect_metrics ... ok
test normalization::cache::warm_store::tests::test_warm_store_miss ... ok
test normalization::detector::tests::test_detect_html ... ok
test normalization::detector::tests::test_detect_json ... ok
test normalization::hasher::tests::test_collision_resistance ... ok
test normalization::hasher::tests::test_content_hash ... ok
test normalization::detector::tests::test_detect_markdown ... ok
test normalization::hasher::tests::test_hash_bytes ... ok
test normalization::hasher::tests::test_hash_hex_conversion ... ok
test normalization::hasher::tests::test_hash_verification ... ok
test normalization::hasher::tests::test_vector_key ... ok
test normalization::detector::tests::test_detect_table ... ok
test normalization::detector::tests::test_plain_text_fallback ... ok
test normalization::integration::tests::test_processed_document ... ok
test normalization::integration::tests::test_processed_document_no_original ... ok
test normalization::cache::blob_store::tests::test_blob_store_compression ... ok
test normalization::normalizer::tests::test_aggressive_normalization ... ok
test normalization::normalizer::tests::test_case_folding ... ok
test normalization::normalizer::tests::test_conservative_normalization ... ok
test normalization::normalizer::tests::test_metadata ... ok
test normalization::normalizer::tests::test_moderate_normalization ... ok
test normalization::normalizer::tests::test_query_normalization ... ok
test normalization::normalizer::tests::test_unicode_normalization ... ok
test db::auto_save::tests::test_time_since_last_save ... ok
test normalization::quick_test::quick_validation::test_compression ... ok
test normalization::quick_test::quick_validation::test_normalization_levels ... ok
test normalization::quick_test::quick_validation::test_basic_functionality ... ok
test normalization::quick_test::quick_validation::test_unicode_handling ... ok
test normalization::tests::test_empty_text ... ok
test normalization::cache::unit_tests::test_cache_miss ... ok
test normalization::tests::test_markdown_code_block_preservation ... ok
test normalization::tests::test_policy_versions ... ok
test file_watcher::hash_validator::tests::test_hash_operations ... ok
test normalization::tests::test_query_document_consistency ... ok
test normalization::tests::test_storage_reduction ... ok
test normalization::tests::test_table_preservation ... ok
test normalization::tests::test_unicode_edge_cases ... ok
test normalization::tests::test_whitespace_only ... ok
test file_watcher::hash_validator::tests::test_hash_validation ... ok
test normalization::tests::test_end_to_end_normalization ... ok
test file_watcher::hash_validator::tests::test_directory_initialization ... ok
test db::collection_normalization::tests::test_helper_with_normalization ... ok
test normalization::cache::blob_store::tests::test_blob_store_basic ... ok
test db::async_indexing::tests::test_async_rebuild ... ok
test file_watcher::debouncer::tests::test_debouncer_multiple_events ... ok
test file_watcher::debouncer::tests::test_debouncer_event_handling ... ok
test persistence::debug_test::debug_tests::test_debug_directory_creation ... ok
test normalization::integration::tests::test_query_normalization ... ok
test normalization::cache::tests::integration_tests::test_cache_compression_effectiveness ... ok
test persistence::types::tests::test_dynamic_metadata_creation ... ok
test persistence::types::tests::test_metadata_update_after_operation ... ok
test persistence::types::tests::test_operation_types ... ok
test file_watcher::hash_validator::tests::test_hash_calculation ... ok
test persistence::types::tests::test_transaction_lifecycle ... ok
test persistence::types::tests::test_workspace_metadata_creation ... ok
test file_watcher::hash_validator::tests::test_content_change_detection ... ok
test normalization::cache::unit_tests::test_cache_stats ... ok
test normalization::cache::warm_store::tests::test_warm_store_basic ... ok
test persistence::demo_test::test_persistence_demo ... ok
test quantization::binary::tests::test_binary_quantization_creation ... ok
test quantization::binary::tests::test_binary_quantization_memory_usage ... ok
test persistence::wal::tests::test_wal_creation_and_append ... ok
test quantization::binary::tests::test_binary_quantization_quantize_dequantize ... ok
test quantization::binary::tests::test_binary_quantization_quantized_search ... ok
test quantization::binary::tests::test_binary_quantization_training ... ok
test quantization::binary::tests::test_binary_quantization_trait_implementation ... ok
test persistence::dynamic::tests::test_create_dynamic_collection ... ok
test persistence::wal::tests::test_wal_integrity_validation ... ok
test persistence::wal::tests::test_wal_read_entries ... ok
test quantization::product::tests::test_compression_ratio ... ok
test normalization::cache::blob_store::tests::test_blob_store_persistence ... ok
test normalization::integration::tests::test_pipeline_basic ... ok
test quantization::product::tests::test_pq_compression_and_search_accuracy ... ignored
test quantization::hnsw_integration::tests::test_hybrid_search ... ok
test quantization::hnsw_integration::tests::test_quantized_hnsw_basic ... ok
test quantization::product::tests::test_dimension_mismatch ... ok
test quantization::scalar::tests::test_memory_usage_calculation ... ok
test quantization::scalar::tests::test_scalar_quantization_4bit ... ok
test quantization::product::tests::test_not_trained ... ok
test quantization::product::tests::test_product_quantization_creation ... ok
test quantization::scalar::tests::test_scalar_quantization_8bit ... ok
test quantization::scalar::tests::test_similarity_calculation ... ok
test quantization::scalar::tests::test_validation ... ok
test quantization::simple_tests::basic_tests::test_memory_optimization_calculations ... ok
test quantization::simple_tests::basic_tests::test_quantization_config_default ... ok
test quantization::simple_tests::basic_tests::test_quantization_config_serialization ... ok
test quantization::simple_tests::basic_tests::test_quantization_error_types ... ok
test quantization::simple_tests::basic_tests::test_quantization_manager ... ok
test quantization::simple_tests::basic_tests::test_quantization_stats_calculations ... ok
test quantization::simple_tests::basic_tests::test_quantization_stats_serialization ... ok
test quantization::simple_tests::basic_tests::test_quantization_type_creation ... ok
test quantization::tests::test_default_config ... ok
test quantization::tests::test_quantization_manager ... ok
test quantization::tests::test_quantization_stats ... ok
test quantization::tests::test_quantization_type_display ... ok
test quantization::traits::tests::test_optimization_config ... ok
test quantization::traits::tests::test_quality_metrics ... ok
test quantization::traits::tests::test_quantized_vectors_serialization ... ok
test replication::master::tests::test_master_creation_and_initial_state ... ok
test replication::master::tests::test_master_replicate_increments_offset ... ok
test quantization::product::tests::test_quantization_workflow ... ok
test replication::replica::tests::test_parse_distance_metric_variants ... ok
test replication::replication_log::tests::test_all_vector_operation_types ... ok
test replication::replica::tests::test_replica_creation_and_initial_state ... ok
test replication::replication_log::tests::test_clear_log ... ok
test replication::replication_log::tests::test_get_operations_from_offset ... ok
test replication::replication_log::tests::test_get_operations_too_old ... ok
test replication::replication_log::tests::test_log_at_exact_capacity ... ok
test replication::replication_log::tests::test_replication_log_append ... ok
test replication::replication_log::tests::test_replication_log_circular ... ok
test replication::stats_tests::tests::test_replica_info_new ... ok
test replication::stats_tests::tests::test_replica_info_serialization ... ok
test replication::stats_tests::tests::test_replica_info_status_update_disconnected ... ok
test replication::stats_tests::tests::test_replica_info_status_update_healthy ... ok
test replication::stats_tests::tests::test_replica_info_status_update_lagging ... ok
test replication::stats_tests::tests::test_replica_info_status_update_syncing ... ok
test replication::stats_tests::tests::test_replica_status_edge_cases ... ok
test replication::stats_tests::tests::test_replica_status_transitions ... ok
test persistence::wal::tests::test_wal_transaction ... ok
test replication::stats_tests::tests::test_replication_stats_default ... ok
test replication::stats_tests::tests::test_replication_stats_master ... ok
test replication::stats_tests::tests::test_replication_stats_replica ... ok
test replication::stats_tests::tests::test_replication_stats_serialization ... ok
test quantization::hnsw_integration::tests::test_quantization_stats ... ok
test normalization::cache::tests::integration_tests::test_cache_metrics_accuracy ... ok
test replication::sync::tests::test_snapshot_with_payloads ... ignored, Snapshot replication issue - vectors not being restored from snapshot. Same root cause as integration tests
test replication::tests::tests::test_config_durations ... ok
test replication::tests::tests::test_master_node_creation ... ok
test replication::tests::tests::test_replica_node_creation ... ok
test replication::tests::tests::test_replication_config ... ok
test replication::tests::tests::test_replication_log_basic ... ok
test normalization::cache::unit_tests::test_cache_manager_basic ... ok
test replication::tests::tests::test_replication_log_circular ... ok
test replication::tests::tests::test_replication_log_empty ... ok
test replication::tests::tests::test_snapshot_creation_and_application ... ignored, Snapshot replication issue - vector_count returns 0 after snapshot application. Same root cause as integration tests
test replication::tests::tests::test_replication_log_single_operation ... ok
test replication::tests::tests::test_vector_operation_serialization ... ok
test quantization::hnsw_integration::tests::test_storage_integration ... ok
test security::audit::tests::test_audit_logger_creation ... ok
test security::audit::tests::test_get_entries_limit ... ok
test security::audit::tests::test_log_auth_attempt ... ok
test security::audit::tests::test_log_entry ... ok
test security::audit::tests::test_max_entries_limit ... ok
test normalization::integration::tests::test_pipeline_cache ... ok
test normalization::integration::tests::test_duplicate_detection ... ok
test persistence::wal::tests::test_wal_checkpoint ... ok
test security::rbac::tests::test_add_remove_permission ... ok
test security::rbac::tests::test_admin_role ... ok
test security::rbac::tests::test_editor_role ... ok
test security::rbac::tests::test_role_creation ... ok
test security::rbac::tests::test_role_hierarchy ... ok
test security::rbac::tests::test_viewer_role ... ok
test security::tls::tests::test_create_server_config ... ok
test security::tls::tests::test_tls_config_custom ... ok
test security::tls::tests::test_tls_config_default ... ok
test normalization::quick_test::quick_validation::test_performance_basic ... ok
test quantization::storage::tests::test_storage_basic_operations ... ok
test quantization::storage::tests::test_storage_stats ... ok
test persistence::tests::test_persistence_manager_compression ... ok
test replication::sync::tests::test_snapshot_checksum_verification ... ok
test replication::sync::tests::test_snapshot_empty_store ... ok
test storage::compact::tests::test_compactor_creation ... ok
test storage::compact::tests::test_estimate_compression_ratio ... ok
test storage::compact::tests::test_record_operation ... ok
test storage::compact::tests::test_reset_counter ... ok
test storage::config::tests::test_config_validation ... ok
test storage::config::tests::test_default_config ... ok
test storage::config::tests::test_serialization ... ok
test storage::index::tests::test_add_collection ... ok
test replication::sync::tests::test_snapshot_metadata_fields ... ok
test storage::index::tests::test_detect_file_type ... ok
test storage::index::tests::test_find_collection ... ok
test storage::index::tests::test_remove_collection ... ok
test storage::index::tests::test_storage_index_new ... ok
test replication::sync::tests::test_snapshot_with_different_metrics ... ok
test storage::migration::tests::test_count_legacy_collections ... ok
test storage::migration::tests::test_migrator_creation ... ok
test persistence::tests::test_persistence_manager_without_compression ... ok
test storage::migration::tests::test_needs_migration ... ok
test storage::mmap::tests::test_mmap_storage ... ok
test persistence::dynamic::tests::test_collection_exists ... ok
test normalization::cache::warm_store::tests::test_warm_store_persistence ... ok
test persistence::demo_test::test_wal_performance_demo ... ok
test persistence::dynamic::tests::test_transaction_lifecycle ... ok
test persistence::dynamic::tests::test_delete_collection ... ok
test storage::snapshot::tests::test_create_snapshot ... ok
test storage::snapshot::tests::test_delete_snapshot ... ignored, Integration test - requires full archive setup
test storage::advanced::tests::test_store_and_load_vectors ... ok
test storage::snapshot::tests::test_restore_snapshot ... ignored, Integration test - requires full archive setup
test normalization::cache::tests::integration_tests::test_cache_persistence_across_restart ... ok
test storage::snapshot::tests::test_snapshot_manager_creation ... ok
test storage::tests::test_detect_format_legacy ... ok
test storage::tests::test_detect_format_compact ... ok
test storage::tests::test_file_constants ... ok
test storage::tests::test_detect_format_legacy_with_files ... ok
test storage::tests::test_load_or_initialize_empty_directory ... ok
test storage::tests::test_path_construction ... ok
test storage::tests::test_paths ... ok
test storage::tests::test_load_or_initialize_new_directory ... ok
test storage::tests::test_storage_format_variants ... ok
test storage::tests::test_storage_version ... ok
test storage::writer::tests::test_calculate_checksum ... ok
test storage::writer::tests::test_writer_creation ... ok
test summarization::tests::tests::test_get_summary_not_found ... ok
test summarization::tests::tests::test_summarization_manager_creation ... ok
test summarization::tests::tests::test_summarization_manager_with_default_config ... ok
test summarization::tests::tests::test_summarization_method_parsing ... ok
test summarization::tests::tests::test_summarization_method_to_string ... ok
test summarization::tests::tests::test_summarize_text_empty_input ... ok
test summarization::tests::tests::test_summarize_text_very_short_input ... ok
test summarization::tests::tests::test_summary_persistence ... ok
test testing::report::tests::test_json_serialization ... ok
test testing::report::tests::test_report_creation ... ok
test tests::tests::test_basic_functionality ... ok
test storage::advanced::tests::test_memory_mapped_access ... ok
test tests::tests::test_collection_config_creation ... ok
test tests::tests::test_distance_metrics ... ok
test tests::tests::test_hnsw_configuration ... ok
test tests::tests::test_payload_operations ... ok
test tests::tests::test_vector_creation ... ok
test tests::tests::test_vector_utils ... ok
test tests::tests::test_vector_store_creation ... ok
test storage::advanced::tests::test_storage_stats ... ok
test umicp::discovery::tests::test_get_collection_info_operation ... ok
test umicp::discovery::tests::test_list_operations ... ok
test umicp::discovery::tests::test_operation_has_required_fields ... ok
test umicp::discovery::tests::test_server_info ... ok
test umicp::discovery::tests::test_serialization ... ok
test umicp::discovery::tests::test_search_vectors_operation ... ok
test utils::file_hash::tests::test_calculate_file_hash_empty_file ... ok
test utils::file_hash::tests::test_calculate_file_hash_nonexistent ... ok
test persistence::tests::test_persistence_manager_auto_decompression ... ok
test db::async_indexing::tests::test_search_quality_verification ... ok
test utils::file_hash::tests::test_get_file_modified_time ... ok
test utils::file_hash::tests::test_get_file_modified_time_nonexistent ... ok
test storage::advanced::tests::test_storage_optimization ... ok
test storage::advanced::tests::test_cache_management ... ok
test workspace::manager::tests::test_add_and_remove_project ... ok
test workspace::manager::tests::test_workspace_manager_creation ... ok
test workspace::manager::tests::test_create_default_workspace ... ok
test workspace::parser::tests::test_parse_workspace_config_from_str ... ok
test workspace::manager::tests::test_workspace_status ... ok
test workspace::parser::tests::test_find_workspace_config ... ok
test workspace::simplified_config::tests::test_collection_with_overrides ... ok
test workspace::simplified_config::tests::test_default_configuration ... ok
test workspace::simplified_config::tests::test_embedding_config_creation ... ok
test workspace::simplified_config::tests::test_indexing_config ... ok
test workspace::simplified_config::tests::test_parse_invalid_yaml ... ok
test workspace::simplified_config::tests::test_parse_minimal_config ... ok
test workspace::simplified_config::tests::test_parse_simple_yaml ... ok
test workspace::simplified_config::tests::test_parse_with_defaults ... ok
test workspace::simplified_config::tests::test_parse_with_projects ... ok
test workspace::simplified_config::tests::test_processing_config_creation ... ok
test workspace::simplified_config::tests::test_simplified_collection_config ... ok
test workspace::simplified_config::tests::test_simplified_project_config ... ok
test workspace::simplified_config::tests::test_simplified_workspace_config ... ok
test workspace::simplified_config::tests::test_workspace_metadata_creation ... ok
test storage::compact::tests::test_compact_all ... ok
test workspace::validator::tests::test_validate_workspace_config ... ok
2025-11-28T00:12:04.443171Z ERROR vectorizer::workspace::validator: Workspace configuration validation failed with 2 errors
test workspace::validator::tests::test_validation_result ... ok
test workspace::validator::tests::test_validate_workspace_config_with_errors ... ok
test storage::index::tests::test_save_and_load ... ok
test utils::file_hash::tests::test_calculate_file_hash_with_content ... ok
test storage::mmap::tests::test_mmap_persistence_and_recovery ... ok
test storage::writer::tests::test_write_archive ... ok
test storage::snapshot::tests::test_list_snapshots ... ok
test persistence::dynamic::tests::test_get_stats ... ok
test security::rate_limit::tests::test_rate_limiter_creation ... ok
test security::rate_limit::tests::test_rate_limiter_default ... ok
test security::rate_limit::tests::test_custom_config ... ok
test security::rate_limit::tests::test_rate_limit_enforcement ... ok
test security::rate_limit::tests::test_global_check ... ok
test utils::file_hash::tests::test_calculate_file_hash_consistency ... ok
test persistence::dynamic::tests::test_list_collections ... ok
test utils::file_hash::tests::test_file_hash_binary_content ... ok
test workspace::parser::tests::test_validate_workspace_config_file ... ok
test normalization::cache::tests::integration_tests::test_concurrent_cache_access ... ok
test workspace::parser::tests::test_save_and_load_workspace_config ... ok
test normalization::cache::tests::integration_tests::test_cache_eviction_lfu ... ok
test storage::reader::tests::test_clear_cache ... ok
test storage::reader::tests::test_list_collections ... ok
test storage::reader::tests::test_get_collection ... ok
test storage::reader::tests::test_cache_stats ... ok
test storage::reader::tests::test_reader_creation ... ok
test utils::file_hash::tests::test_calculate_file_hash_different_content ... ok
test storage::migration::tests::test_migration ... ok
test quantization::storage::tests::test_cache_management ... ok
test file_watcher::tests::tests::test_performance_benchmarks ... ok
test normalization::cache::blob_store::tests::test_blob_store_multiple ... ok
test normalization::cache::warm_store::tests::test_warm_store_multiple ... ok
test auth::api_keys::tests::test_api_key_expiration ... ok

test result: ok. 746 passed; 0 failed; 7 ignored; 0 measured; 0 filtered out; finished in 2.00s

     Running unittests scripts\test_routes.rs (target\debug\deps\test_routes-1f1352b104be3c5a.exe)

running 0 tests

test result: ok. 0 passed; 0 failed; 0 ignored; 0 measured; 0 filtered out; finished in 0.00s

     Running unittests src\bin\vectorizer.rs (target\debug\deps\vectorizer-3aa3c5ffb83b6e9b.exe)

running 0 tests

test result: ok. 0 passed; 0 failed; 0 ignored; 0 measured; 0 filtered out; finished in 0.00s

     Running unittests src\bin\vectorizer-cli.rs (target\debug\deps\vectorizer_cli-dd0acf11fbcf28f5.exe)

running 0 tests

test result: ok. 0 passed; 0 failed; 0 ignored; 0 measured; 0 filtered out; finished in 0.00s

     Running tests\all_tests.rs (target\debug\deps\all_tests-e66441ea89a9e19b.exe)

running 492 tests
test api::mcp::handlers::test_mcp_get_file_content_tool ... ok
test api::mcp::handlers::test_mcp_semantic_search_tool ... ok
test api::mcp::handlers::test_mcp_intelligent_search_tool ... ok
test api::mcp::handlers::test_mcp_get_file_chunks_tool ... ok
test api::mcp::handlers::test_mcp_get_related_files_tool ... ok
test api::mcp::handlers::test_mcp_list_files_tool ... ok
test api::mcp::handlers::test_mcp_insert_text_tool ... ok
test api::mcp::handlers::test_mcp_expand_queries_tool ... ok
test api::mcp::handlers::test_mcp_error_handling ... ok
test api::mcp::handlers::test_mcp_tool_request_validation ... ok
test api::mcp::handlers::test_mcp_collection_filters ... ok
test api::mcp::handlers::test_mcp_get_project_outline_tool ... ok
test api::mcp::handlers::test_mcp_search_tool ... ok
test api::rest::integration::test_api_versioning_header ... ok
test api::rest::integration::test_batch_operation_structure ... ok
test api::rest::integration::test_collection_config_creation ... ok
test api::rest::integration::test_distance_metric_variants ... ok
test api::rest::integration::test_collection_list_response ... ok
test api::rest::integration::test_error_response_structure ... ok
test api::mcp::handlers::test_mcp_optional_parameters ... ok
test api::rest::integration::test_health_response_structure ... ok
test api::rest::integration::test_hnsw_config_defaults ... ok
test api::rest::integration::test_request_timeout_validation ... ok
test api::rest::integration::test_json_request_parsing ... ok
test api::mcp::handlers::test_mcp_multi_collection_search_tool ... ok
test api::mcp::integration::test_mcp_tool_error_handling ... ok
test api::rest::integration::test_vector_json_structure ... ok
test api::rest::integration::test_search_request_structure ... ok
test api::rest::integration::test_success_response_structure ... ok
test api::rest::integration::test_validation_empty_collection_name ... ok
test api::rest::integration::test_validation_invalid_dimension ... ok
test api::rest::integration::test_validation_vector_dimension_mismatch ... ok
test api::rest::integration::test_rate_limit_configuration ... ok
test api::rest::integration::test_pagination_parameters ... ok
test api::rest::integration::test_search_results_structure ... ok
test api::rest::integration::test_stats_response_structure ... ok
test core::simd::test_simd_cosine_similarity ... ok
test core::simd::test_simd_cosine_similarity_orthogonal ... ok
test core::simd::test_simd_dot_product ... ok
test core::simd::test_simd_dot_product_large ... ok
test api::rest::graph_integration::test_graph_rest_api_functionality ... ok
test core::simd::test_simd_euclidean_distance ... ok
test core::simd::test_simd_negative_values ... ok
test core::simd::test_simd_odd_length_vectors ... ok
test core::simd::test_simd_zero_vectors ... ok
test core::simd::test_simd_euclidean_distance_large ... ok
test core::simd::test_simd_performance_consistency ... ok
test core::storage::test_mmap_insert_and_retrieve ... ignored
test api::mcp::graph_integration::test_graph_discover_edges_mcp_tool_node_specific ... ok
test core::storage::test_mmap_update_and_delete ... ignored
test api::mcp::graph_integration::test_graph_find_related_mcp_tool ... ok
test core::simd::test_vector_utils_wrapper ... ok
test api::mcp::graph_integration::test_graph_mcp_tool_error_handling ... ok
test api::mcp::integration::test_mcp_tool_handling ... ok
test core::storage_integration::test_backup_file_naming ... ok
test api::mcp::graph_integration::test_graph_create_edge_mcp_tool ... ok
test api::rest::graph_integration::test_graph_discovery_creates_edges_and_api_returns_them ... ok
test api::rest::graph_integration::test_graph_discovery_via_api_and_list_edges_returns_them ... ok
test api::mcp::graph_integration::test_graph_get_neighbors_mcp_tool ... ok
test core::storage_integration::test_compression_levels ... ok
test core::storage_integration::test_compact_format_extension ... ok
test core::storage_integration::test_snapshot_retention_policy ... ok
test api::mcp::graph_integration::test_graph_discover_edges_mcp_tool_creates_edges ... ok
test core::storage_integration::test_index_config_defaults ... ok
test core::storage_integration::test_index_rebuild_detection ... ok
test core::storage_integration::test_storage_cleanup_logic ... ok
test core::storage_integration::test_migration_version_check ... ok
test api::mcp::graph_integration::test_graph_find_path_mcp_tool ... ok
test core::storage_integration::test_compression_ratio_calculation ... ok
test core::quantization::test_scalar_quantization_8bit ... ok
test core::storage_integration::test_storage_error_recovery ... ok
test core::storage_integration::test_storage_size_tracking ... ok
test core::storage_integration::test_storage_config_serialization ... ok
test core::wal::wal_comprehensive::test_wal_multiple_collections ... ignored
test core::storage_integration::test_snapshot_path_generation ... ok
test core::wal::wal_comprehensive::test_wal_multiple_operations ... ignored
test core::wal::wal_comprehensive::test_wal_update_sequence ... ignored
test core::storage_integration::test_storage_metadata ... ok
test core::quantization::test_binary_quantization ... ok
test core::wal::wal_comprehensive::test_wal_without_enabling ... ignored
test core::wal::wal_crash_recovery::test_wal_crash_recovery_delete ... ignored
test core::wal::wal_crash_recovery::test_wal_crash_recovery_insert ... ignored
test core::wal::wal_crash_recovery::test_wal_crash_recovery_update ... ignored
test core::wal::wal_crash_recovery::test_wal_recover_all_collections ... ignored
test core::wal::wal_vector_store::test_vector_store_wal_integration ... ignored
test core::wal::wal_vector_store::test_wal_recover_all_collections_empty ... ignored
test core::wal::wal_vector_store::test_wal_recover_all_collections_with_data ... ignored
test gpu::metal::fallback_tests::test_metal_not_available ... ok
test gpu::metal::fallback_tests::test_no_metal_on_non_macos ... ok
test core::storage_integration::test_storage_initialization ... ok
test core::storage_integration::test_storage_path_validation ... ok
test infrastructure::docker::test_docker_virtual_paths_acceptance ... ok
test core::quantization::test_product_quantization ... ok
test infrastructure::docker::test_normal_paths_still_work ... ok
test infrastructure::docker::test_only_empty_paths_rejected ... ok
test core::storage::test_mmap_collection_creation ... ok
test infrastructure::logging::test_logging_helpers ... ok
test integration::binary_quantization::test_binary_quantization_vector_deletion ... ignored, Binary quantization deletion has performance issues - skipping until optimized
test integration::binary_quantization::test_binary_quantization_vector_update ... ignored, Binary quantization vector update has issues - skipping until fixed
test integration::binary_quantization::test_binary_quantization_with_payloads ... ignored, Binary quantization with payloads has issues - skipping until fixed
test infrastructure::logging::test_logging_default_function ... ok
test integration::cluster::test_calculate_migration_plan_empty_nodes ... ok
test integration::cluster::test_cluster_client_pool ... ok
test integration::cluster::test_cluster_node_shard_management ... ok
test integration::cluster::test_cluster_node_health_checking ... ok
test integration::cluster::test_cluster_config_serialization ... ok
test core::storage::test_mmap_search ... ok
test integration::cluster::test_calculate_migration_plan ... ok
test integration::cluster::test_cluster_manager_initialization ... ok
test integration::cluster::test_distributed_shard_router_vector_routing ... ok
test core::wal::wal_comprehensive::test_wal_error_handling ... ok
test integration::cluster::test_calculate_migration_plan_already_balanced ... ok
test integration::binary_quantization::test_binary_quantization_collection_creation ... ok
test integration::cluster::test_cluster_manager_add_remove_node ... ok
test infrastructure::logging::test_logging_function_exists ... ok
test integration::cluster::test_shard_migration ... ok
test core::storage::test_mmap_large_dataset ... ok
test integration::cluster::test_shard_migration_invalid ... ok
test integration::cluster::test_distributed_shard_router ... ok
test integration::cluster_failures::test_network_partition ... ok
test integration::cluster_failures::test_node_recovery_after_failure ... ok
test integration::cluster::test_distributed_shard_router_rebalance ... ok
test integration::cluster_fault_tolerance::test_quorum_operations ... ok
test integration::cluster_fault_tolerance::test_split_brain_prevention ... ok
test integration::cluster_failures::test_partial_cluster_failure ... ok
test core::quantization::test_quantization_memory_efficiency ... ok
test integration::cluster_performance::test_concurrent_searches_distributed ... ignored
test integration::cluster_performance::test_memory_usage_distributed ... ignored
test integration::cluster_performance::test_throughput_comparison ... ignored
test integration::binary_quantization::test_binary_quantization_vector_insertion ... ok
test integration::binary_quantization::test_binary_quantization_vector_retrieval ... ok
test integration::cluster_fault_tolerance::test_automatic_failover ... ok
test core::storage_integration::test_concurrent_storage_access ... ok
test integration::cluster_failures::test_shard_reassignment_on_failure ... ok
test integration::cluster_scale::test_cluster_5_nodes_shard_distribution ... ok
test integration::cluster_scale::test_cluster_add_node_dynamically ... ok
test integration::binary_quantization::test_binary_quantization_search ... ok
test integration::cluster_scale::test_cluster_remove_node_dynamically ... ok
test integration::cluster_scale::test_cluster_consistent_hashing ... ok
test integration::cluster_scale::test_cluster_rebalance_trigger ... ok
test integration::distributed_sharding::test_distributed_shard_router_consistent_routing ... ok
test integration::distributed_sharding::test_distributed_shard_router_empty_nodes ... ok
test integration::binary_quantization::test_binary_quantization_compression_ratio ... ok
test integration::distributed_sharding::test_distributed_shard_router_get_node_for_vector ... ok
test integration::graph::test_collection_with_graph ... ignored, GPU collection created instead of CPU in CI environment
test integration::graph::test_discover_edges_for_collection ... ignored, GPU collection created instead of CPU in CI environment
test integration::distributed_sharding::test_distributed_shard_router_get_all_nodes ... ok
test integration::graph::test_discover_edges_for_node ... ignored, GPU collection created instead of CPU in CI environment
test integration::graph::test_graph_add_edge ... ok
test integration::graph::test_graph_add_node ... ok
test integration::graph::test_graph_discovery_performance_large_collection ... ignored
test integration::graph::test_graph_creation ... ok
test integration::distributed_sharding::test_distributed_shard_router_rebalance_distribution ... ok
test integration::graph::test_graph_find_path ... ok
test integration::graph::test_graph_find_related ... ok
test integration::graph::test_graph_get_all_nodes ... ok
test integration::graph::test_graph_get_connected_components ... ok
test integration::graph::test_graph_get_neighbors ... ok
test integration::graph::test_graph_persistence_missing_file ... ok
test integration::graph::test_graph_remove_edge ... ok
test integration::graph::test_graph_remove_node ... ok
test integration::distributed_sharding::test_distributed_sharded_collection_creation ... ok
test integration::distributed_sharding::test_distributed_sharded_collection_with_nodes ... ok
test integration::hybrid_search::test_hybrid_search_alpha_blending ... ok
test integration::hybrid_search::test_hybrid_search_basic ... ok
test core::quantization::test_quantization_search_quality ... ok
test integration::hybrid_search::test_hybrid_search_different_alphas ... ok
test integration::hybrid_search::test_hybrid_search_empty_results ... ok
test integration::hybrid_search::test_hybrid_search_pure_dense ... ok
test integration::hybrid_search::test_hybrid_search_pure_sparse ... ok
test integration::hybrid_search::test_hybrid_search_scoring_algorithms ... ok
test integration::hybrid_search::test_hybrid_search_with_payloads ... ignored, Hybrid search with payloads has issues - skipping until fixed
test integration::binary_quantization::test_binary_quantization_memory_efficiency ... ok
test integration::multi_tenancy::test_collection_removal ... ok
test integration::multi_tenancy::test_collection_tenant_mapping ... ok
test integration::multi_tenancy::test_list_tenants ... ok
test integration::multi_tenancy::test_memory_quota ... ok
test integration::multi_tenancy::test_qps_quota ... ok
test integration::multi_tenancy::test_resource_quotas ... ok
test integration::multi_tenancy::test_tenant_isolation ... ok
test integration::multi_tenancy::test_tenant_not_found ... ok
test integration::multi_tenancy::test_tenant_usage_tracking ... ok
test integration::hybrid_search::test_hybrid_search_weighted_combination ... ok
test integration::multi_tenancy::test_vector_count_quota ... ok
test integration::multi_tenancy_comprehensive::test_collection_association ... ok
test integration::multi_tenancy_comprehensive::test_collection_count_quota ... ok
test integration::multi_tenancy_comprehensive::test_collection_not_associated ... ok
test integration::multi_tenancy_comprehensive::test_collection_removal ... ok
test integration::multi_tenancy_comprehensive::test_collection_tenant_mapping ... ok
test integration::multi_tenancy_comprehensive::test_list_tenants ... ok
test integration::multi_tenancy_comprehensive::test_memory_quota ... ok
test integration::multi_tenancy_comprehensive::test_multiple_collections_per_tenant ... ok
test integration::multi_tenancy_comprehensive::test_multiple_quotas_enforcement ... ok
test integration::multi_tenancy_comprehensive::test_qps_quota ... ok
test integration::multi_tenancy_comprehensive::test_concurrent_tenant_operations ... ok
test integration::multi_tenancy_comprehensive::test_quota_exceeded_error ... ok
test integration::multi_tenancy_comprehensive::test_storage_quota ... ok
test integration::multi_tenancy_comprehensive::test_tenant_isolation_basic ... ok
test integration::multi_tenancy_comprehensive::test_tenant_isolation_multiple_collections ... ok
test integration::multi_tenancy_comprehensive::test_tenant_not_found ... ok
test integration::multi_tenancy_comprehensive::test_tenant_registration ... ok
test integration::multi_tenancy_comprehensive::test_tenant_registration_with_quotas ... ok
test integration::multi_tenancy_comprehensive::test_tenant_usage_accumulation ... ok
test integration::multi_tenancy_comprehensive::test_tenant_usage_tracking ... ok
test integration::multi_tenancy_comprehensive::test_tenant_usage_vector_count ... ok
test integration::payload_index::test_payload_index_auto_indexing_on_insert ... ignored, Payload index auto indexing has issues - skipping until fixed
test integration::multi_tenancy_comprehensive::test_vector_count_quota ... ok
test integration::multi_tenancy_comprehensive::test_zero_quotas ... ok
test integration::payload_index::test_payload_index_integer_range_query ... ignored, Payload index integer range query has issues - skipping until fixed
test integration::multi_tenancy_comprehensive::test_unlimited_quotas ... ok
test integration::payload_index::test_payload_index_multiple_fields ... ignored, Payload index multiple fields has issues - skipping until fixed
test integration::payload_index::test_payload_index_empty_payload ... ok
test integration::payload_index::test_payload_index_removal_on_delete ... ignored, Payload index removal on delete has performance issues - skipping until optimized
test integration::payload_index::test_payload_index_stats ... ignored, Payload index stats has issues - skipping until fixed
test integration::payload_index::test_payload_index_update_on_vector_update ... ignored, Payload index update on vector update has issues - skipping until fixed
test integration::qdrant_api::cluster_api_tests::test_all_peer_states ... ok
test integration::qdrant_api::cluster_api_tests::test_cluster_recover_response ... ok
test integration::payload_index::test_payload_index_partial_payload ... ok
test integration::payload_index::test_payload_index_list_indexed_fields ... ok
test integration::payload_index::test_payload_index_keyword_query ... ok
test integration::qdrant_api::cluster_api_tests::test_cluster_status_response_structure ... ok
test integration::qdrant_api::cluster_api_tests::test_get_metadata_key_response ... ok
test integration::qdrant_api::cluster_api_tests::test_list_metadata_keys_response ... ok
test integration::qdrant_api::cluster_api_tests::test_remove_peer_response ... ok
test integration::qdrant_api::cluster_api_tests::test_update_metadata_key_request ... ok
test integration::qdrant_api::cluster_api_tests::test_update_metadata_key_response ... ok
test integration::qdrant_api::cluster_model_tests::test_cluster_status_minimal ... ok
test integration::qdrant_api::cluster_model_tests::test_cluster_status_serialization ... ok
test integration::qdrant_api::cluster_model_tests::test_peer_state_serialization ... ok
test integration::qdrant_api::cluster_model_tests::test_raft_info_serialization ... ok
test integration::qdrant_api::collection_status_tests::test_green_status_serialization ... ok
test integration::qdrant_api::collection_status_tests::test_red_status_serialization ... ok
test integration::qdrant_api::collection_status_tests::test_status_deserialization ... ok
test integration::qdrant_api::collection_status_tests::test_yellow_status_serialization ... ok
test integration::qdrant_api::distance_metric_tests::test_cosine_distance_serialization ... ok
test integration::qdrant_api::distance_metric_tests::test_distance_deserialization ... ok
test integration::qdrant_api::distance_metric_tests::test_dot_distance_serialization ... ok
test integration::qdrant_api::distance_metric_tests::test_euclid_distance_serialization ... ok
test integration::qdrant_api::optimizer_status_tests::test_optimizer_error_status ... ok
test integration::qdrant_api::optimizer_status_tests::test_optimizer_ok_status ... ok
test integration::qdrant_api::point_id_tests::test_large_numeric_point_id ... ok
test integration::qdrant_api::point_id_tests::test_numeric_point_id ... ok
test integration::qdrant_api::point_id_tests::test_point_id_serialization ... ok
test integration::qdrant_api::point_id_tests::test_string_point_id ... ok
test integration::qdrant_api::point_id_tests::test_uuid_point_id ... ok
test integration::qdrant_api::quantization_api_tests::test_all_compression_levels_round_trip ... ok
test integration::graph::test_graph_persistence_corrupted_file ... ok
test integration::qdrant_api::quantization_api_tests::test_binary_quantization_in_request ... ok
test integration::qdrant_api::quantization_api_tests::test_product_quantization_in_request ... ok
test integration::qdrant_api::quantization_api_tests::test_quantization_config_in_collection_request ... ok
test integration::qdrant_api::quantization_api_tests::test_quantization_search_params ... ok
test integration::qdrant_api::quantization_api_tests::test_quantization_search_params_minimal ... ok
test integration::qdrant_api::quantization_model_tests::test_all_pq_compression_levels ... ok
test integration::qdrant_api::quantization_model_tests::test_binary_quantization_deserialization ... ok
test integration::qdrant_api::quantization_model_tests::test_binary_quantization_minimal ... ok
test integration::qdrant_api::quantization_model_tests::test_binary_quantization_serialization ... ok
test integration::qdrant_api::quantization_model_tests::test_pq_default_compression ... ok
test integration::qdrant_api::quantization_model_tests::test_product_quantization_deserialization ... ok
test integration::qdrant_api::quantization_model_tests::test_product_quantization_serialization ... ok
test integration::qdrant_api::quantization_model_tests::test_quantization_config_none_values ... ok
test integration::qdrant_api::quantization_model_tests::test_scalar_quantization_deserialization ... ok
test integration::qdrant_api::quantization_model_tests::test_scalar_quantization_serialization ... ok
test integration::qdrant_api::query_api_model_tests::test_batch_query_request ... ok
test integration::qdrant_api::query_api_model_tests::test_query_groups_request ... ok
test integration::qdrant_api::query_api_model_tests::test_query_request_simple_vector ... ok
test integration::qdrant_api::query_api_model_tests::test_query_request_with_point_id ... ok
test integration::qdrant_api::query_api_model_tests::test_with_payload_selector ... ok
test integration::qdrant_api::query_api_model_tests::test_with_vector_selector ... ok
test integration::qdrant_api::query_api_model_tests::test_query_request_with_prefetch ... ok
test integration::qdrant_api::search_model_tests::test_direction_serialization ... ok
test integration::qdrant_api::search_model_tests::test_fusion_method_serialization ... ok
test integration::graph::test_graph_persistence_save_and_load ... ok
test integration::qdrant_api::search_model_tests::test_prefetch_basic ... ok
test integration::qdrant_api::search_model_tests::test_prefetch_multiple_stages ... ok
test integration::qdrant_api::search_model_tests::test_prefetch_nested ... ok
test integration::qdrant_api::search_model_tests::test_prefetch_with_params ... ok
test integration::qdrant_api::search_model_tests::test_query_point_id ... ok
test integration::qdrant_api::search_model_tests::test_query_vector ... ok
test integration::qdrant_api::search_model_tests::test_recommend_strategy_serialization ... ok
test integration::qdrant_api::search_model_tests::test_scored_point ... ok
test integration::qdrant_api::search_model_tests::test_search_params ... ok
test integration::qdrant_api::search_model_tests::test_with_payload_bool ... ok
test integration::qdrant_api::search_model_tests::test_with_payload_include ... ok
test integration::qdrant_api::search_model_tests::test_with_vector_bool ... ok
test integration::qdrant_api::search_model_tests::test_with_vector_include ... ok
test integration::qdrant_api::sharding_api_tests::test_create_shard_key_minimal ... ok
test integration::qdrant_api::sharding_api_tests::test_create_shard_key_response ... ok
test integration::qdrant_api::sharding_api_tests::test_create_shard_key_with_placement ... ok
test integration::qdrant_api::sharding_api_tests::test_delete_shard_key_response ... ok
test integration::qdrant_api::sharding_api_tests::test_list_shard_keys_empty ... ok
test integration::qdrant_api::sharding_api_tests::test_list_shard_keys_response ... ok
test integration::qdrant_api::sharding_model_tests::test_create_shard_key_request ... ok
test integration::qdrant_api::sharding_model_tests::test_delete_shard_key_request ... ok
test integration::qdrant_api::sharding_model_tests::test_local_shard_info ... ok
test integration::qdrant_api::sharding_model_tests::test_remote_shard_info ... ok
test integration::qdrant_api::sharding_model_tests::test_shard_key_deserialization ... ok
test integration::qdrant_api::sharding_model_tests::test_shard_key_integer ... ok
test integration::qdrant_api::sharding_model_tests::test_shard_key_string ... ok
test integration::qdrant_api::sharding_model_tests::test_shard_state_serialization ... ok
test integration::qdrant_api::snapshot_api_tests::test_create_snapshot_response ... ok
test integration::qdrant_api::snapshot_api_tests::test_delete_snapshot_response ... ok
test integration::qdrant_api::snapshot_api_tests::test_list_snapshots_empty ... ok
test integration::qdrant_api::snapshot_api_tests::test_list_snapshots_multiple ... ok
test integration::qdrant_api::snapshot_api_tests::test_recover_snapshot_request_local ... ok
test integration::qdrant_api::snapshot_api_tests::test_recover_snapshot_request_s3 ... ok
test integration::qdrant_api::snapshot_api_tests::test_recover_snapshot_response ... ok
test integration::qdrant_api::snapshot_model_tests::test_create_snapshot_request ... ok
test integration::qdrant_api::snapshot_model_tests::test_list_snapshots_response ... ok
test integration::qdrant_api::snapshot_model_tests::test_recover_snapshot_request ... ok
test integration::qdrant_api::snapshot_model_tests::test_snapshot_description_serialization ... ok
test integration::qdrant_api::snapshot_model_tests::test_snapshot_description_without_optional ... ok
test integration::query_cache::test_cache_invalidation ... ok
test integration::query_cache::test_cache_lru_eviction ... ok
test integration::query_cache::test_query_cache_integration ... ok
test integration::query_cache::test_cache_stats_in_health_endpoint ... ok
test integration::query_cache::test_cache_integration_with_server ... ok
test integration::query_cache::test_cache_invalidation_on_insert ... ok
test integration::query_cache::test_cache_ttl_expiration ... ok
test integration::hybrid_search::test_hybrid_search_large_collection ... ok
test integration::raft::test_raft_multiple_nodes ... ok
test integration::raft::test_raft_state_machine_idempotency ... ok
test integration::raft::test_state_machine_apply_checkpoint ... ok
test integration::raft::test_raft_log_consistency ... ok
test integration::raft::test_raft_log_entries ... ok
test integration::raft::test_raft_node_basic ... ok
test integration::raft::test_raft_propose_operation ... ok
test integration::raft::test_raft_election_timeout ... ok
test integration::raft::test_raft_partition_tolerance_simulation ... ok
test core::wal::wal_comprehensive::test_wal_with_payload ... ok
test integration::raft_comprehensive::test_raft_node_peer_management ... ok
test integration::raft_comprehensive::test_raft_invalid_operation ... ok
test integration::raft_comprehensive::test_raft_log_consistency_properties ... ok
test integration::raft_comprehensive::test_raft_election_timeout ... ok
test integration::raft_comprehensive::test_raft_state_machine_throughput ... ok
test integration::raft_comprehensive::test_state_machine_apply_checkpoint ... ok
test integration::raft_comprehensive::test_state_machine_apply_insert_vector ... ok
test integration::raft_comprehensive::test_raft_log_entries_empty ... ok
test integration::raft_comprehensive::test_state_machine_idempotency ... ok
test integration::raft_comprehensive::test_state_machine_sequential_application ... ok
test integration::sharding::test_consistent_hash_routing ... ok
test integration::sharding::test_batch_insert_distribution ... ok
test integration::sharding::test_multi_shard_update_and_delete ... ok
test integration::sharding::test_shard_addition ... ok
test integration::sharding::test_shard_metadata ... ok
test integration::sharding::test_multi_shard_insert_and_search ... ok
test integration::sharding::test_shard_rebalancing_detection ... ok
test integration::sharding::test_shard_specific_search ... ok
test integration::sharding_comprehensive::test_consistent_hash_distribution ... ok
test integration::sharding_comprehensive::test_concurrent_operations ... ok
test integration::sharding_comprehensive::test_consistent_hash_ring_creation ... ok
test integration::sharding_comprehensive::test_consistent_hash_ring_zero_shards ... ok
test integration::sharding_comprehensive::test_consistent_hash_routing_consistency ... ok
test integration::sharding_comprehensive::test_delete_nonexistent_vector ... ok
test integration::sharding_comprehensive::test_empty_collection_search ... ok
test integration::sharding_comprehensive::test_get_nonexistent_vector ... ok
test integration::sharding_comprehensive::test_rebalancer_calculates_rebalance ... ok
test integration::sharding_comprehensive::test_rebalancer_detects_balance ... ok
test integration::sharding_comprehensive::test_rebalancer_detects_imbalance ... ok
test integration::raft_comprehensive::test_raft_node_creation ... ok
test integration::sharding_comprehensive::test_shard_addition ... ok
test integration::sharding_comprehensive::test_shard_metadata_consistency ... ok
test integration::sharding_comprehensive::test_shard_removal ... ok
test integration::sharding_comprehensive::test_shard_router_add_shard ... ok
test integration::sharding_comprehensive::test_shard_router_remove_shard ... ok
test integration::sharding_comprehensive::test_shard_router_update_counts ... ok
test integration::sharding_comprehensive::test_sharded_collection_creation ... ok
test integration::sharding_comprehensive::test_sharded_collection_creation_no_sharding ... ok
test integration::sharding_comprehensive::test_sharded_delete_vector ... ok
test integration::sharding_comprehensive::test_shard_rebalancing_detection ... ok
test integration::sharding_comprehensive::test_sharded_get_vector ... ok
test integration::sharding_comprehensive::test_sharded_insert_batch ... ok
test integration::sharding_comprehensive::test_sharded_insert_single ... ok
test integration::sharding_comprehensive::test_sharded_search_specific_shard ... ok
test integration::sharding_comprehensive::test_sharded_update_vector ... ok
test integration::sharding_comprehensive::test_virtual_nodes_improve_distribution ... ok
test integration::sparse_vector::test_sparse_vector_batch_operations ... ignored, Sparse vector batch operations has issues - skipping until fixed
test integration::sparse_vector::test_sparse_vector_cosine_similarity ... ok
test integration::sparse_vector::test_sparse_vector_creation ... ok
test integration::sparse_vector::test_sparse_vector_dot_product ... ok
test integration::sparse_vector::test_sparse_vector_empty ... ok
test integration::sparse_vector::test_sparse_vector_from_dense ... ok
test integration::sparse_vector::test_sparse_vector_index ... ok
test integration::sparse_vector::test_sparse_vector_index_remove ... ok
test integration::sparse_vector::test_sparse_vector_insertion ... ignored, Sparse vector insertion has issues - skipping until fixed
test integration::sparse_vector::test_sparse_vector_large_dimension ... ok
test integration::sparse_vector::test_sparse_vector_memory_efficiency ... ok
test integration::sparse_vector::test_sparse_vector_mixed_with_dense ... ignored, Sparse vector mixed with dense has issues - skipping until fixed
test integration::sparse_vector::test_sparse_vector_norm ... ok
test integration::sparse_vector::test_sparse_vector_search ... ignored
test integration::sparse_vector::test_sparse_vector_sparsity_calculation ... ok
test integration::sparse_vector::test_sparse_vector_to_dense ... ok
test integration::sparse_vector::test_sparse_vector_update ... ignored, Sparse vector update has issues - skipping until fixed
test integration::sparse_vector::test_sparse_vector_validation ... ok
test integration::sparse_vector::test_sparse_vector_with_payload ... ignored, Sparse vector with payload has issues - skipping until fixed
test performance::concurrent::test_concurrent_inserts ... ok
test integration::raft_comprehensive::test_raft_three_node_cluster ... ok
test performance::multi_collection::test_100_plus_collections ... ignored, Timeout: Creates 100+ collections which can take too long
test integration::raft_comprehensive::test_raft_node_with_custom_config ... ok
test performance::multi_collection::test_concurrent_multi_collection ... ignored, Timeout: Concurrent operations on multiple collections
test performance::multi_collection::test_collection_lifecycle_many ... ok
test performance::multi_collection::test_memory_scaling ... ignored, Timeout: Memory scaling test with large collections
test replication::failover::test_data_consistency_after_multiple_disconnects ... ignored
test replication::failover::test_full_sync_when_offset_too_old ... ignored
test replication::failover::test_multiple_replicas_recovery ... ignored
test replication::failover::test_partial_sync_after_brief_disconnect ... ignored
test replication::failover::test_replica_reconnect_after_disconnect ... ignored
test replication::handlers::test_metadata_multiple_keys ... ok
test replication::handlers::test_metadata_nonexistent_key ... ok
test replication::handlers::test_metadata_operations ... ok
test replication::handlers::test_metadata_operations_basic ... ok
test replication::handlers::test_metadata_overwrite ... ok
test replication::integration::api::test_replica_health_status_logic ... ok
test replication::integration::api::test_replica_info_structure ... ok
test replication::integration::api::test_replica_list_empty ... ok
test replication::integration::api::test_replica_list_with_data ... ok
test replication::integration::api::test_replication_stats_structure ... ok
test replication::integration::api::test_replication_status_endpoint_standalone ... ok
test replication::integration::api::test_stats_backwards_compatibility ... ok
test replication::integration::api::test_stats_json_response_format ... ok
test replication::integration::comprehensive::test_basic_master_replica_sync ... ignored
test replication::integration::comprehensive::test_incremental_replication ... ignored
test replication::integration::comprehensive::test_multiple_replicas ... ignored
test replication::integration::comprehensive::test_replication_config_defaults ... ok
test replication::integration::comprehensive::test_replication_config_master ... ok
test replication::integration::comprehensive::test_replication_config_replica ... ok
test replication::integration::comprehensive::test_replication_log_append_and_retrieve ... ok
test replication::integration::comprehensive::test_replication_log_circular_buffer ... ok
test replication::integration::comprehensive::test_replication_log_concurrent_access ... ok
test replication::integration::comprehensive::test_snapshot_with_large_vectors ... ignored, Replication issue - snapshot not being transferred. Same root cause as other snapshot sync issues
test replication::integration::comprehensive::test_stress_high_volume_replication ... ignored
test integration::sharding_comprehensive::test_sharded_search_all_shards ... ok
test replication::integration::integration_basic::test_large_payload_replication ... ignored, Replication full sync issue - replica not receiving snapshot. Same root cause as other ignored tests
test replication::integration::integration_basic::test_master_multiple_replicas_and_stats ... ignored, Replication full sync issue - replicas not receiving snapshot. Same root cause as test_replica_delete_operations
test replication::integration::integration_basic::test_master_replicate_operations ... ignored, Replication issue - collection not found. Related to snapshot/sync issues
test replication::integration::integration_basic::test_master_start_and_accept_connections ... ignored, Replication full sync issue - replica not receiving snapshot. Same root cause as other ignored tests
test replication::integration::integration_basic::test_replica_apply_all_operation_types ... ignored, Replication issue - collections not found. Same root cause as snapshot sync
test replication::integration::integration_basic::test_replica_delete_operations ... ignored, Replication full sync issue - replica not receiving snapshot. TODO: Investigate master snapshot send logic
test replication::integration::integration_basic::test_replica_full_sync_on_connect ... ignored, Replication issue - replica not receiving snapshot. Same root cause
test replication::integration::integration_basic::test_replica_heartbeat_and_connection_status ... ignored, Replication issue - replica connection failing. Related to snapshot sync issues
test replication::integration::integration_basic::test_replica_incremental_operations ... ignored, Replication issue - collection not found. Related to snapshot/sync issues
test replication::integration::integration_basic::test_replica_partial_sync_on_reconnect ... ignored, Replication issue - related to snapshot/sync issues
test replication::integration::integration_basic::test_replica_stats_tracking ... ignored, Replication issue - stats showing 0 replicated. Related to snapshot sync
test replication::integration::integration_basic::test_replica_update_operations ... ignored, Replication issue - collection not found. Same root cause as snapshot sync
test replication::qdrant::qdrant_migration::test_config_conversion_all_metrics ... ok
test replication::qdrant::qdrant_migration::test_config_conversion_hnsw ... ok
test replication::qdrant::qdrant_migration::test_config_conversion_quantization ... ok
test replication::qdrant::qdrant_migration::test_config_parser_json ... ok
test replication::qdrant::qdrant_migration::test_config_parser_yaml ... ok
test replication::qdrant::qdrant_migration::test_config_validation_errors ... ok
test replication::qdrant::qdrant_migration::test_config_validation_warnings ... ok
test replication::qdrant::qdrant_migration::test_data_importer_from_file ... ok
test replication::qdrant::qdrant_migration::test_data_importer_into_vectorizer ... ok
test replication::qdrant::qdrant_migration::test_migration_validator_compatibility ... ok
test replication::qdrant::qdrant_migration::test_migration_validator_integrity ... ok
test replication::qdrant::qdrant_migration::test_migration_validator_sparse_vectors ... ok
test test_new_features::test_collection_with_wal_disabled ... ignored, Vector ID conflict in CI environment
test test_new_features::test_logging_levels ... ok
test test_new_features::test_wal_enable_disable ... ok
test integration::raft_comprehensive::test_raft_propose_as_follower ... ok
test test_new_features::test_wal_recover_empty ... ok
test workflow::api_workflow::test_full_crud_workflow ... ignored, Timeout: Full CRUD workflow test can take too long
test performance::concurrent::test_concurrent_searches ... ok
test integration::raft_comprehensive::test_raft_partition_isolation ... ok
test core::wal::wal_comprehensive::test_wal_delete_sequence ... ok
test performance::multi_collection::test_cross_collection_searches ... ok
test core::wal::wal_comprehensive::test_wal_checkpoint ... ok
test test_new_features::test_wal_integration_basic ... ok
test integration::raft_comprehensive::test_raft_recovery_after_partition ... ok
test integration::cluster_integration::test_distributed_sharding_with_payload ... ok
test integration::cluster_integration::test_distributed_sharding_with_quantization ... ok
test integration::cluster_integration::test_distributed_sharding_with_compression ... ok
test integration::distributed_search::test_distributed_search_with_threshold ... ok
test integration::cluster_integration::test_distributed_sharding_with_sparse ... ok
test integration::cluster_failures::test_node_failure_during_insert ... ok
test replication::integration::integration_basic::test_empty_snapshot_replication ... ok
test integration::cluster_performance::test_concurrent_inserts_distributed ... ok
test integration::binary_quantization::test_binary_quantization_batch_operations ... ok
test integration::cluster_failures::test_node_failure_during_search ... ok
test integration::sharding_comprehensive::test_large_scale_insertion ... ok
test integration::distributed_search::test_distributed_search_shard_filtering ... ok
test integration::distributed_search::test_distributed_search_ordering ... ok
test integration::cluster_e2e::test_e2e_cluster_scaling ... ok
test integration::cluster_fault_tolerance::test_eventual_consistency ... ok
test integration::cluster_fault_tolerance::test_data_durability ... ok
test integration::cluster_e2e::test_e2e_cluster_maintenance ... ok
test integration::distributed_search::test_distributed_search_merges_results ... ok
test integration::distributed_search::test_distributed_search_consistency ... ok
test integration::distributed_search::test_distributed_search_performance ... ok
test integration::cluster_performance::test_latency_distribution ... ok
test integration::cluster_scale::test_cluster_3_nodes_load_distribution ... ok
test integration::cluster_e2e::test_e2e_multi_collection_cluster ... ok
test integration::cluster_e2e::test_e2e_distributed_workflow ... ok

test result: ok. 429 passed; 0 failed; 63 ignored; 0 measured; 0 filtered out; finished in 46.07s

     Running tests\grpc_advanced.rs (target\debug\deps\grpc_advanced-96963e673276b2c0.exe)

running 15 tests
test test_empty_collection_operations ... ok
test test_update_nonexistent_vector ... ok
test test_delete_nonexistent_vector ... ok
test test_search_with_threshold ... ok
test test_search_with_filters ... ok
test test_very_large_vectors ... ok
test test_quantization_configurations ... ok
test test_multiple_batch_searches ... ok
test test_batch_operations_stress ... ok
test test_different_distance_metrics ... ok
test test_different_hnsw_configurations ... ok
test test_multiple_collections_simultaneously ... ok
test test_concurrent_operations ... ok
test test_large_payloads ... ok
test test_different_storage_types ... ok

test result: ok. 15 passed; 0 failed; 0 ignored; 0 measured; 0 filtered out; finished in 0.24s

     Running tests\grpc_comprehensive.rs (target\debug\deps\grpc_comprehensive-d30454f8d20efb37.exe)

running 9 tests
test test_end_to_end_workflow ... ignored, Update operation fails in CI environment
test test_vector_operations_complete ... ignored, Update operation fails in CI environment
test test_health_check ... ok
test test_streaming_bulk_insert ... ok
test test_hybrid_search ... ok
test test_search_operations ... ok
test test_collection_management_complete ... ok
test test_get_stats ... ok
test test_error_handling ... ok

test result: ok. 7 passed; 0 failed; 2 ignored; 0 measured; 0 filtered out; finished in 0.42s

     Running tests\grpc_integration.rs (target\debug\deps\grpc_integration-1f55faf48c57164a.exe)

running 11 tests
test test_update_vector ... ignored, Update operation fails in CI environment
test test_grpc_server_startup ... ok
test test_error_handling_collection_not_found ... ok
test test_insert_and_get_vector ... ok
test test_create_collection ... ok
test test_error_handling_vector_not_found ... ok
test test_streaming_bulk_insert ... ok
test test_search ... ok
test test_delete_vector ... ok
test test_list_collections ... ok
test test_get_stats ... ok

test result: ok. 10 passed; 0 failed; 1 ignored; 0 measured; 0 filtered out; finished in 0.14s

     Running tests\grpc_s2s.rs (target\debug\deps\grpc_s2s-dd360301220f6d37.exe)

running 0 tests

test result: ok. 0 passed; 0 failed; 0 ignored; 0 measured; 0 filtered out; finished in 0.00s

     Running tests\grpc_tests.rs (target\debug\deps\grpc_tests-048116096aab3a18.exe)

running 21 tests
test grpc::vectors::test_update_vector ... ignored, Update operation fails in CI environment
test grpc::vectors::test_insert_and_get_vector ... ok
test grpc::vectors::test_delete_vector ... ok
test grpc::collections::test_get_collection_info ... ok
test grpc::vectors::test_insert_with_payload ... ok
test grpc::collections::test_list_collections ... ok
test grpc::qdrant::test_qdrant_search_points ... ok
test grpc::qdrant::test_qdrant_get_collection ... ok
test grpc::qdrant::test_qdrant_list_collections ... ok
test grpc::qdrant::test_qdrant_create_collection ... ok
test grpc::qdrant::test_qdrant_delete_points ... ok
test grpc::qdrant::test_qdrant_delete_collection ... ok
test grpc::qdrant::test_qdrant_collection_exists ... ok
test grpc::qdrant::test_qdrant_get_points ... ok
test grpc::qdrant::test_qdrant_upsert_points ... ok
test grpc::qdrant::test_qdrant_count_points ... ok
test grpc::qdrant::test_qdrant_scroll_points ... ok
test grpc::vectors::test_streaming_bulk_insert ... ok
test grpc::collections::test_create_collection ... ok
test grpc::collections::test_multiple_collections ... ok
test grpc::collections::test_delete_collection ... ok

test result: ok. 20 passed; 0 failed; 1 ignored; 0 measured; 0 filtered out; finished in 0.22s

     Running tests\test_new_features.rs (target\debug\deps\test_new_features-185b57c32df51f4f.exe)

running 5 tests
test test_collection_with_wal_disabled ... ignored, Vector ID conflict in CI environment
test test_logging_levels ... ok
test test_wal_recover_empty ... ok
test test_wal_enable_disable ... ok
test test_wal_integration_basic ... ok

test result: ok. 4 passed; 0 failed; 1 ignored; 0 measured; 0 filtered out; finished in 0.21s

   Doc-tests vectorizer

running 10 tests
test src\db\hive_gpu_collection.rs - db::hive_gpu_collection::HiveGpuCollection::add_vectors_batch (line 470) - compile ... ok
test src\db\hive_gpu_collection.rs - db::hive_gpu_collection::HiveGpuCollection::update_vectors_batch (line 596) - compile ... ok
test src\db\hive_gpu_collection.rs - db::hive_gpu_collection::HiveGpuCollection::remove_vectors_batch (line 644) - compile ... ok
test src\gpu_adapter.rs - gpu_adapter::GpuAdapter::create_context (line 198) - compile ... ok
test src\monitoring\mod.rs - monitoring (line 19) - compile ... ok
test src\monitoring\telemetry.rs - monitoring::telemetry (line 13) - compile ... ok
test src\normalization\cache\mod.rs - normalization::cache (line 24) - compile ... ok
test src\normalization\mod.rs - normalization (line 17) - compile ... ok
test src\db\hive_gpu_collection.rs - db::hive_gpu_collection::HiveGpuCollection::search_batch (line 526) - compile ... ok
test src\db\gpu_detection.rs - db::gpu_detection::GpuDetector::detect_best_backend (line 56) ... ok

test result: ok. 10 passed; 0 failed; 0 ignored; 0 measured; 0 filtered out; finished in 0.01s

